\BOOKMARK [1][-]{section.1}{\376\377\000I\000n\000t\000r\000o\000d\000u\000c\000t\000i\000o\000n}{}% 1
\BOOKMARK [1][-]{section.2}{\376\377\000R\000e\000s\000u\000l\000t\000s}{}% 2
\BOOKMARK [2][-]{subsection.2.1}{\376\377\000J\000o\000i\000n\000t\000\040\000o\000n\000l\000i\000n\000e\000\040\000a\000c\000q\000u\000i\000s\000i\000t\000i\000o\000n\000\040\000p\000r\000e\000s\000e\000r\000v\000e\000s\000\040\000h\000e\000l\000d\000-\000o\000u\000t\000\040\000a\000c\000c\000u\000r\000a\000c\000y}{section.2}% 3
\BOOKMARK [2][-]{subsection.2.2}{\376\377\000R\000e\000f\000e\000r\000e\000n\000c\000e\000-\000f\000r\000a\000m\000e\000\040\000s\000p\000i\000k\000e\000s\000\040\000a\000r\000e\000\040\000c\000a\000u\000s\000a\000l\000\040\000f\000o\000r\000\040\000s\000p\000a\000t\000i\000a\000l\000\040\000e\000v\000i\000d\000e\000n\000c\000e}{section.2}% 4
\BOOKMARK [2][-]{subsection.2.4}{\376\377\000F\000e\000a\000t\000u\000r\000e\000-\000l\000o\000c\000a\000t\000i\000o\000n\000\040\000b\000i\000n\000d\000i\000n\000g\000\040\000w\000o\000r\000k\000s\000\040\000i\000n\000\040\000b\000o\000t\000h\000\040\000d\000i\000r\000e\000c\000t\000i\000o\000n\000s}{section.2}% 6
\BOOKMARK [2][-]{subsection.2.3}{\376\377\000A\000m\000b\000i\000g\000u\000o\000u\000s\000\040\000e\000a\000r\000l\000y\000\040\000e\000v\000i\000d\000e\000n\000c\000e\000\040\000i\000s\000\040\000r\000e\000s\000o\000l\000v\000e\000d\000\040\000b\000y\000\040\000l\000a\000t\000e\000r\000\040\000r\000e\000f\000e\000r\000e\000n\000c\000e\000-\000f\000r\000a\000m\000e\000\040\000i\000n\000p\000u\000t}{section.2}% 5
\BOOKMARK [2][-]{subsection.2.5}{\376\377\000L\0004\000\040\000k\000e\000r\000n\000e\000l\000s\000\040\000l\000e\000a\000r\000n\000\040\000a\000n\000d\000\040\000s\000t\000a\000b\000i\000l\000i\000s\000e\000\040\000u\000n\000d\000e\000r\000\040\000l\000o\000c\000a\000l\000\040\000c\000o\000m\000p\000e\000t\000i\000t\000i\000o\000n}{section.2}% 7
\BOOKMARK [2][-]{subsection.2.6}{\376\377\000A\000\040\000l\000e\000a\000r\000n\000e\000d\000\040\000c\000e\000n\000t\000e\000r\000e\000d\000-\000f\000a\000c\000e\000\040\000r\000e\000f\000e\000r\000e\000n\000c\000e\000\040\000f\000r\000a\000m\000e\000\040\000s\000u\000p\000p\000o\000r\000t\000s\000\040\000s\000e\000a\000r\000c\000h\000\040\000i\000n\000\040\000l\000a\000r\000g\000e\000r\000\040\000i\000m\000a\000g\000e\000s}{section.2}% 8
\BOOKMARK [2][-]{subsection.2.7}{\376\377\000T\000h\000e\000\040\000s\000a\000m\000e\000\040\000s\000c\000a\000n\000\040\000b\000e\000c\000o\000m\000e\000s\000\040\000a\000\040\000c\000a\000l\000i\000b\000r\000a\000t\000e\000d\000\040\000f\000a\000c\000e\000\040\000d\000e\000t\000e\000c\000t\000o\000r}{section.2}% 9
\BOOKMARK [1][-]{section.3}{\376\377\000D\000i\000s\000c\000u\000s\000s\000i\000o\000n}{}% 10
\BOOKMARK [1][-]{section.4}{\376\377\000M\000a\000t\000e\000r\000i\000a\000l\000s\000\040\000a\000n\000d\000\040\000m\000e\000t\000h\000o\000d\000s}{}% 11
\BOOKMARK [2][-]{subsection.4.1}{\376\377\000N\000e\000u\000r\000o\000n\000\040\000a\000n\000d\000\040\000s\000p\000i\000k\000e\000\040\000d\000y\000n\000a\000m\000i\000c\000s}{section.4}% 12
\BOOKMARK [2][-]{subsection.4.2}{\376\377\000I\000m\000p\000l\000e\000m\000e\000n\000t\000a\000t\000i\000o\000n\000\040\000a\000n\000d\000\040\000r\000e\000p\000r\000o\000d\000u\000c\000i\000b\000i\000l\000i\000t\000y}{section.4}% 13
\BOOKMARK [2][-]{subsection.4.3}{\376\377\000D\000a\000t\000a\000s\000e\000t\000s\000\040\000a\000n\000d\000\040\000t\000r\000a\000i\000n\000/\000v\000a\000l\000i\000d\000a\000t\000i\000o\000n\000\040\000s\000p\000l\000i\000t\000s}{section.4}% 14
\BOOKMARK [2][-]{subsection.4.4}{\376\377\000P\000r\000e\000p\000r\000o\000c\000e\000s\000s\000i\000n\000g\000,\000\040\000s\000a\000c\000c\000a\000d\000e\000s\000,\000\040\000a\000n\000d\000\040\000r\000e\000t\000i\000n\000a\000l\000\040\000s\000p\000i\000k\000e\000\040\000e\000n\000c\000o\000d\000i\000n\000g}{section.4}% 15
\BOOKMARK [2][-]{subsection.4.5}{\376\377\000L\0004\000\040\000c\000o\000n\000v\000o\000l\000u\000t\000i\000o\000n\000a\000l\000\040\000f\000e\000a\000t\000u\000r\000e\000\040\000m\000a\000p\000s}{section.4}% 16
\BOOKMARK [2][-]{subsection.4.6}{\376\377\000L\0002\000/\0003\000\040\000p\000o\000o\000l\000i\000n\000g\000,\000\040\000K\000-\000W\000T\000A\000\040\000s\000p\000a\000r\000s\000i\000t\000y\000,\000\040\000a\000n\000d\000\040\000a\000p\000i\000c\000a\000l\000\040\000c\000u\000r\000r\000e\000n\000t}{section.4}% 17
\BOOKMARK [2][-]{subsection.4.7}{\376\377\000L\0005\000/\0006\000\040\000c\000u\000r\000r\000e\000n\000t\000-\000d\000r\000i\000v\000e\000n\000\040\000r\000e\000f\000e\000r\000e\000n\000c\000e\000-\000f\000r\000a\000m\000e\000\040\000L\000I\000F\000\040\000l\000a\000y\000e\000r}{section.4}% 18
\BOOKMARK [2][-]{subsection.4.8}{\376\377\000S\000p\000i\000k\000i\000n\000g\000\040\000d\000e\000c\000i\000s\000i\000o\000n\000\040\000l\000a\000y\000e\000r\000\040\000a\000n\000d\000\040\000o\000n\000l\000i\000n\000e\000\040\000d\000o\000p\000a\000m\000i\000n\000e\000-\000g\000a\000t\000e\000d\000\040\000e\000l\000i\000g\000i\000b\000i\000l\000i\000t\000y}{section.4}% 19
\BOOKMARK [2][-]{subsection.4.9}{\376\377\000J\000o\000i\000n\000t\000\040\000a\000c\000q\000u\000i\000s\000i\000t\000i\000o\000n\000\040\000a\000n\000d\000\040\000f\000i\000x\000a\000t\000i\000o\000n\000-\000g\000a\000t\000e\000d\000\040\000p\000l\000a\000s\000t\000i\000c\000i\000t\000y}{section.4}% 20
\BOOKMARK [2][-]{subsection.4.10}{\376\377\000C\000a\000u\000s\000a\000l\000\040\000a\000b\000l\000a\000t\000i\000o\000n\000s\000\040\000a\000n\000d\000\040\000r\000e\000a\000d\000o\000u\000t\000\040\000c\000o\000n\000t\000r\000o\000l\000s}{section.4}% 21
\BOOKMARK [2][-]{subsection.4.11}{\376\377\000B\000i\000d\000i\000r\000e\000c\000t\000i\000o\000n\000a\000l\000\040\000a\000n\000d\000\040\000p\000r\000o\000s\000p\000e\000c\000t\000i\000v\000e\000\040\000b\000i\000n\000d\000i\000n\000g\000\040\000a\000s\000s\000a\000y\000s}{section.4}% 22
\BOOKMARK [2][-]{subsection.4.12}{\376\377\000C\000a\000l\000t\000e\000c\000h\000\040\000F\000a\000c\000e\000s\000\040\000l\000o\000c\000a\000l\000i\000z\000a\000t\000i\000o\000n\000\040\000a\000n\000d\000\040\000d\000e\000t\000e\000c\000t\000i\000o\000n}{section.4}% 23
\BOOKMARK [2][-]{subsection.4.13}{\376\377\000S\000t\000a\000t\000i\000s\000t\000i\000c\000s}{section.4}% 24
\BOOKMARK [2][-]{subsection.4.14}{\376\377\000P\000a\000r\000a\000m\000e\000t\000e\000r\000\040\000s\000u\000m\000m\000a\000r\000y}{section.4}% 25
