This is pdfTeX, Version 3.141592653-2.6-1.40.27 (MiKTeX 25.4) (preloaded format=pdflatex 2025.12.15)  10 JUL 2026 14:37
entering extended mode
 restricted \write18 enabled.
 %&-line parsing enabled.
**./fully_spiking_cortical_column.tex
(fully_spiking_cortical_column.tex
LaTeX2e <2025-11-01>
L3 programming layer <2025-11-06>
(spiking_cortical_column.tex (D:\Apps\MikTeX\tex/latex/base\article.cls
Document Class: article 2025/01/22 v1.4n Standard LaTeX document class
(D:\Apps\MikTeX\tex/latex/base\size10.clo
File: size10.clo 2025/01/22 v1.4n Standard LaTeX file (size option)
)
\c@part=\count275
\c@section=\count276
\c@subsection=\count277
\c@subsubsection=\count278
\c@paragraph=\count279
\c@subparagraph=\count280
\c@figure=\count281
\c@table=\count282
\abovecaptionskip=\skip49
\belowcaptionskip=\skip50
\bibindent=\dimen148
)
(D:\Apps\MikTeX\tex/latex/base\fontenc.sty
Package: fontenc 2025/07/18 v2.1d Standard LaTeX package
)
(D:\Apps\MikTeX\tex/latex/lm\lmodern.sty
Package: lmodern 2015/05/01 v1.6.1 Latin Modern Fonts
LaTeX Font Info:    Overwriting symbol font `operators' in version `normal'
(Font)                  OT1/cmr/m/n --> OT1/lmr/m/n on input line 22.
LaTeX Font Info:    Overwriting symbol font `letters' in version `normal'
(Font)                  OML/cmm/m/it --> OML/lmm/m/it on input line 23.
LaTeX Font Info:    Overwriting symbol font `symbols' in version `normal'
(Font)                  OMS/cmsy/m/n --> OMS/lmsy/m/n on input line 24.
LaTeX Font Info:    Overwriting symbol font `largesymbols' in version `normal'
(Font)                  OMX/cmex/m/n --> OMX/lmex/m/n on input line 25.
LaTeX Font Info:    Overwriting symbol font `operators' in version `bold'
(Font)                  OT1/cmr/bx/n --> OT1/lmr/bx/n on input line 26.
LaTeX Font Info:    Overwriting symbol font `letters' in version `bold'
(Font)                  OML/cmm/b/it --> OML/lmm/b/it on input line 27.
LaTeX Font Info:    Overwriting symbol font `symbols' in version `bold'
(Font)                  OMS/cmsy/b/n --> OMS/lmsy/b/n on input line 28.
LaTeX Font Info:    Overwriting symbol font `largesymbols' in version `bold'
(Font)                  OMX/cmex/m/n --> OMX/lmex/m/n on input line 29.
LaTeX Font Info:    Overwriting math alphabet `\mathbf' in version `normal'
(Font)                  OT1/cmr/bx/n --> OT1/lmr/bx/n on input line 31.
LaTeX Font Info:    Overwriting math alphabet `\mathsf' in version `normal'
(Font)                  OT1/cmss/m/n --> OT1/lmss/m/n on input line 32.
LaTeX Font Info:    Overwriting math alphabet `\mathit' in version `normal'
(Font)                  OT1/cmr/m/it --> OT1/lmr/m/it on input line 33.
LaTeX Font Info:    Overwriting math alphabet `\mathtt' in version `normal'
(Font)                  OT1/cmtt/m/n --> OT1/lmtt/m/n on input line 34.
LaTeX Font Info:    Overwriting math alphabet `\mathbf' in version `bold'
(Font)                  OT1/cmr/bx/n --> OT1/lmr/bx/n on input line 35.
LaTeX Font Info:    Overwriting math alphabet `\mathsf' in version `bold'
(Font)                  OT1/cmss/bx/n --> OT1/lmss/bx/n on input line 36.
LaTeX Font Info:    Overwriting math alphabet `\mathit' in version `bold'
(Font)                  OT1/cmr/bx/it --> OT1/lmr/bx/it on input line 37.
LaTeX Font Info:    Overwriting math alphabet `\mathtt' in version `bold'
(Font)                  OT1/cmtt/m/n --> OT1/lmtt/m/n on input line 38.
)
(D:\Apps\MikTeX\tex/latex/base\inputenc.sty
Package: inputenc 2024/02/08 v1.3d Input encoding file
\inpenc@prehook=\toks17
\inpenc@posthook=\toks18
)
(D:\Apps\MikTeX\tex/latex/geometry\geometry.sty
Package: geometry 2020/01/02 v5.9 Page Geometry

(D:\Apps\MikTeX\tex/latex/graphics\keyval.sty
Package: keyval 2022/05/29 v1.15 key=value parser (DPC)
\KV@toks@=\toks19
)
(D:\Apps\MikTeX\tex/generic/iftex\ifvtex.sty
Package: ifvtex 2019/10/25 v1.7 ifvtex legacy package. Use iftex instead.

(D:\Apps\MikTeX\tex/generic/iftex\iftex.sty
Package: iftex 2024/12/12 v1.0g TeX engine tests
))
\Gm@cnth=\count283
\Gm@cntv=\count284
\c@Gm@tempcnt=\count285
\Gm@bindingoffset=\dimen149
\Gm@wd@mp=\dimen150
\Gm@odd@mp=\dimen151
\Gm@even@mp=\dimen152
\Gm@layoutwidth=\dimen153
\Gm@layoutheight=\dimen154
\Gm@layouthoffset=\dimen155
\Gm@layoutvoffset=\dimen156
\Gm@dimlist=\toks20

(D:\Apps\MikTeX\tex/latex/geometry\geometry.cfg))
(D:\Apps\MikTeX\tex/latex/amsmath\amsmath.sty
Package: amsmath 2025/07/09 v2.17z AMS math features
\@mathmargin=\skip51

For additional information on amsmath, use the `?' option.
(D:\Apps\MikTeX\tex/latex/amsmath\amstext.sty
Package: amstext 2024/11/17 v2.01 AMS text

(D:\Apps\MikTeX\tex/latex/amsmath\amsgen.sty
File: amsgen.sty 1999/11/30 v2.0 generic functions
\@emptytoks=\toks21
\ex@=\dimen157
))
(D:\Apps\MikTeX\tex/latex/amsmath\amsbsy.sty
Package: amsbsy 1999/11/29 v1.2d Bold Symbols
\pmbraise@=\dimen158
)
(D:\Apps\MikTeX\tex/latex/amsmath\amsopn.sty
Package: amsopn 2022/04/08 v2.04 operator names
)
\inf@bad=\count286
LaTeX Info: Redefining \frac on input line 233.
\uproot@=\count287
\leftroot@=\count288
LaTeX Info: Redefining \overline on input line 398.
LaTeX Info: Redefining \colon on input line 409.
\classnum@=\count289
\DOTSCASE@=\count290
LaTeX Info: Redefining \ldots on input line 495.
LaTeX Info: Redefining \dots on input line 498.
LaTeX Info: Redefining \cdots on input line 619.
\Mathstrutbox@=\box53
\strutbox@=\box54
LaTeX Info: Redefining \big on input line 721.
LaTeX Info: Redefining \Big on input line 722.
LaTeX Info: Redefining \bigg on input line 723.
LaTeX Info: Redefining \Bigg on input line 724.
\big@size=\dimen159
LaTeX Font Info:    Redeclaring font encoding OML on input line 742.
LaTeX Font Info:    Redeclaring font encoding OMS on input line 743.
\macc@depth=\count291
LaTeX Info: Redefining \bmod on input line 904.
LaTeX Info: Redefining \pmod on input line 909.
LaTeX Info: Redefining \smash on input line 939.
LaTeX Info: Redefining \relbar on input line 969.
LaTeX Info: Redefining \Relbar on input line 970.
\c@MaxMatrixCols=\count292
\dotsspace@=\muskip17
\c@parentequation=\count293
\dspbrk@lvl=\count294
\tag@help=\toks22
\row@=\count295
\column@=\count296
\maxfields@=\count297
\andhelp@=\toks23
\eqnshift@=\dimen160
\alignsep@=\dimen161
\tagshift@=\dimen162
\tagwidth@=\dimen163
\totwidth@=\dimen164
\lineht@=\dimen165
\@envbody=\toks24
\multlinegap=\skip52
\multlinetaggap=\skip53
\mathdisplay@stack=\toks25
LaTeX Info: Redefining \[ on input line 2950.
LaTeX Info: Redefining \] on input line 2951.
)
(D:\Apps\MikTeX\tex/latex/amsfonts\amssymb.sty
Package: amssymb 2013/01/14 v3.01 AMS font symbols

(D:\Apps\MikTeX\tex/latex/amsfonts\amsfonts.sty
Package: amsfonts 2013/01/14 v3.01 Basic AMSFonts support
\symAMSa=\mathgroup4
\symAMSb=\mathgroup5
LaTeX Font Info:    Redeclaring math symbol \hbar on input line 98.
LaTeX Font Info:    Overwriting math alphabet `\mathfrak' in version `bold'
(Font)                  U/euf/m/n --> U/euf/b/n on input line 106.
))
(D:\Apps\MikTeX\tex/latex/booktabs\booktabs.sty
Package: booktabs 2020/01/12 v1.61803398 Publication quality tables
\heavyrulewidth=\dimen166
\lightrulewidth=\dimen167
\cmidrulewidth=\dimen168
\belowrulesep=\dimen169
\belowbottomsep=\dimen170
\aboverulesep=\dimen171
\abovetopsep=\dimen172
\cmidrulesep=\dimen173
\cmidrulekern=\dimen174
\defaultaddspace=\dimen175
\@cmidla=\count298
\@cmidlb=\count299
\@aboverulesep=\dimen176
\@belowrulesep=\dimen177
\@thisruleclass=\count300
\@lastruleclass=\count301
\@thisrulewidth=\dimen178
)
(D:\Apps\MikTeX\tex/latex/graphics\graphicx.sty
Package: graphicx 2024/12/31 v1.2e Enhanced LaTeX Graphics (DPC,SPQR)

(D:\Apps\MikTeX\tex/latex/graphics\graphics.sty
Package: graphics 2024/08/06 v1.4g Standard LaTeX Graphics (DPC,SPQR)

(D:\Apps\MikTeX\tex/latex/graphics\trig.sty
Package: trig 2023/12/02 v1.11 sin cos tan (DPC)
)
(D:\Apps\MikTeX\tex/latex/graphics-cfg\graphics.cfg
File: graphics.cfg 2016/06/04 v1.11 sample graphics configuration
)
Package graphics Info: Driver file: pdftex.def on input line 106.

(D:\Apps\MikTeX\tex/latex/graphics-def\pdftex.def
File: pdftex.def 2025/09/29 v1.2d Graphics/color driver for pdftex
))
\Gin@req@height=\dimen179
\Gin@req@width=\dimen180
)
(D:\Apps\MikTeX\tex/latex/tools\tabularx.sty
Package: tabularx 2023/12/11 v2.12a `tabularx' package (DPC)

(D:\Apps\MikTeX\tex/latex/tools\array.sty
Package: array 2025/09/25 v2.6n Tabular extension package (FMi)
\col@sep=\dimen181
\ar@mcellbox=\box55
\extrarowheight=\dimen182
\NC@list=\toks26
\extratabsurround=\skip54
\backup@length=\skip55
\ar@cellbox=\box56
)
\TX@col@width=\dimen183
\TX@old@table=\dimen184
\TX@old@col=\dimen185
\TX@target=\dimen186
\TX@delta=\dimen187
\TX@cols=\count302
\TX@ftn=\toks27
)
(D:\Apps\MikTeX\tex/latex/placeins\placeins.sty
Package: placeins 2005/04/18  v 2.2
)
(D:\Apps\MikTeX\tex/latex/nidanfloat\nidanfloat.sty
Package: nidanfloat 2018/07/28 v2.9 Put double-floats at top/bottom within twoc
olumn mode
\c@dblbotnumber=\count303
\@dblbotroom=\dimen188
\@dblbotnum=\count304
\@floatht=\dimen189
\@fixht=\dimen190
\@rightfixht=\dimen191
\@combinebox=\box57
)
(D:\Apps\MikTeX\tex/latex/xcolor\xcolor.sty
Package: xcolor 2024/09/29 v3.02 LaTeX color extensions (UK)

(D:\Apps\MikTeX\tex/latex/graphics-cfg\color.cfg
File: color.cfg 2016/01/02 v1.6 sample color configuration
)
Package xcolor Info: Driver file: pdftex.def on input line 274.

(D:\Apps\MikTeX\tex/latex/graphics\mathcolor.ltx)
Package xcolor Info: Model `cmy' substituted by `cmy0' on input line 1349.
Package xcolor Info: Model `hsb' substituted by `rgb' on input line 1353.
Package xcolor Info: Model `RGB' extended on input line 1365.
Package xcolor Info: Model `HTML' substituted by `rgb' on input line 1367.
Package xcolor Info: Model `Hsb' substituted by `hsb' on input line 1368.
Package xcolor Info: Model `tHsb' substituted by `hsb' on input line 1369.
Package xcolor Info: Model `HSB' substituted by `hsb' on input line 1370.
Package xcolor Info: Model `Gray' substituted by `gray' on input line 1371.
Package xcolor Info: Model `wave' substituted by `hsb' on input line 1372.
)
(D:\Apps\MikTeX\tex/latex/graphics\dvipsnam.def
File: dvipsnam.def 2016/06/17 v3.0m Driver-dependent file (DPC,SPQR)
)
(D:\Apps\MikTeX\tex/latex/colortbl\colortbl.sty
Package: colortbl 2026/05/01 v1.0l Color table columns (DPC)
\everycr=\toks28
\minrowclearance=\skip56
\rownum=\count305
)
(D:\Apps\MikTeX\tex/latex/caption\caption.sty
Package: caption 2023/08/05 v3.6o Customizing captions (AR)

(D:\Apps\MikTeX\tex/latex/caption\caption3.sty
Package: caption3 2023/07/31 v2.4d caption3 kernel (AR)
\caption@tempdima=\dimen192
\captionmargin=\dimen193
\caption@leftmargin=\dimen194
\caption@rightmargin=\dimen195
\caption@width=\dimen196
\caption@indent=\dimen197
\caption@parindent=\dimen198
\caption@hangindent=\dimen199
Package caption Info: Standard document class detected.
)
\c@caption@flags=\count306
\c@continuedfloat=\count307
)
(D:\Apps\MikTeX\tex/latex/microtype\microtype.sty
Package: microtype 2026/03/01 v3.2d Micro-typographical refinements (RS)

(D:\Apps\MikTeX\tex/latex/etoolbox\etoolbox.sty
Package: etoolbox 2025/10/02 v2.5m e-TeX tools for LaTeX (JAW)
\etb@tempcnta=\count308
)
\MT@toks=\toks29
\MT@tempbox=\box58
\MT@count=\count309
LaTeX Info: Redefining \noprotrusionifhmode on input line 1084.
LaTeX Info: Redefining \leftprotrusion on input line 1085.
\MT@prot@toks=\toks30
LaTeX Info: Redefining \rightprotrusion on input line 1104.
LaTeX Info: Redefining \textls on input line 1449.
\MT@outer@kern=\dimen256
LaTeX Info: Redefining \microtypecontext on input line 2053.
LaTeX Info: Redefining \textmicrotypecontext on input line 2070.
\MT@listname@count=\count310

(D:\Apps\MikTeX\tex/latex/microtype\microtype-pdftex.def
File: microtype-pdftex.def 2026/03/01 v3.2d Definitions specific to pdftex (RS)

LaTeX Info: Redefining \lsstyle on input line 944.
LaTeX Info: Redefining \lslig on input line 944.
\MT@outer@space=\skip57
)
Package microtype Info: Loading configuration file microtype.cfg.

(D:\Apps\MikTeX\tex/latex/microtype\microtype.cfg
File: microtype.cfg 2026/03/01 v3.2d microtype main configuration file (RS)
)
LaTeX Info: Redefining \microtypesetup on input line 3065.
)
(D:\Apps\MikTeX\tex/latex/natbib\natbib.sty
Package: natbib 2010/09/13 8.31b (PWD, AO)
\bibhang=\skip58
\bibsep=\skip59
LaTeX Info: Redefining \cite on input line 694.
\c@NAT@ctr=\count311
)
(D:\Apps\MikTeX\tex/latex/titlesec\titlesec.sty
Package: titlesec 2025/01/04 v2.17 Sectioning titles
\ttl@box=\box59
\beforetitleunit=\skip60
\aftertitleunit=\skip61
\ttl@plus=\dimen257
\ttl@minus=\dimen258
\ttl@toksa=\toks31
\titlewidth=\dimen259
\titlewidthlast=\dimen260
\titlewidthfirst=\dimen261
)
(D:\Apps\MikTeX\tex/latex/preprint\authblk.sty
Package: authblk 2001/02/27 1.3 (PWD)
\affilsep=\skip62
\@affilsep=\skip63
\c@Maxaffil=\count312
\c@authors=\count313
\c@affil=\count314
)
(D:\Apps\MikTeX\tex/latex/url\url.sty
\Urlmuskip=\muskip18
Package: url 2013/09/16  ver 3.4  Verb mode for urls, etc.
)
(D:\Apps\MikTeX\tex/latex/hyperref\hyperref.sty
Package: hyperref 2025-07-12 v7.01o Hypertext links for LaTeX

(D:\Apps\MikTeX\tex/latex/kvsetkeys\kvsetkeys.sty
Package: kvsetkeys 2022-10-05 v1.19 Key value parser (HO)
)
(D:\Apps\MikTeX\tex/generic/kvdefinekeys\kvdefinekeys.sty
Package: kvdefinekeys 2019-12-19 v1.6 Define keys (HO)
)
(D:\Apps\MikTeX\tex/generic/pdfescape\pdfescape.sty
Package: pdfescape 2019/12/09 v1.15 Implements pdfTeX's escape features (HO)

(D:\Apps\MikTeX\tex/generic/ltxcmds\ltxcmds.sty
Package: ltxcmds 2023-12-04 v1.26 LaTeX kernel commands for general use (HO)
)
(D:\Apps\MikTeX\tex/generic/pdftexcmds\pdftexcmds.sty
Package: pdftexcmds 2020-06-27 v0.33 Utility functions of pdfTeX for LuaTeX (HO
)

(D:\Apps\MikTeX\tex/generic/infwarerr\infwarerr.sty
Package: infwarerr 2019/12/03 v1.5 Providing info/warning/error messages (HO)
)
Package pdftexcmds Info: \pdf@primitive is available.
Package pdftexcmds Info: \pdf@ifprimitive is available.
Package pdftexcmds Info: \pdfdraftmode found.
))
(D:\Apps\MikTeX\tex/latex/hycolor\hycolor.sty
Package: hycolor 2020-01-27 v1.10 Color options for hyperref/bookmark (HO)
)
(D:\Apps\MikTeX\tex/latex/hyperref\nameref.sty
Package: nameref 2025-06-21 v2.57 Cross-referencing by name of section

(D:\Apps\MikTeX\tex/latex/refcount\refcount.sty
Package: refcount 2019/12/15 v3.6 Data extraction from label references (HO)
)
(D:\Apps\MikTeX\tex/generic/gettitlestring\gettitlestring.sty
Package: gettitlestring 2019/12/15 v1.6 Cleanup title references (HO)

(D:\Apps\MikTeX\tex/latex/kvoptions\kvoptions.sty
Package: kvoptions 2022-06-15 v3.15 Key value format for package options (HO)
))
\c@section@level=\count315
)
(D:\Apps\MikTeX\tex/generic/stringenc\stringenc.sty
Package: stringenc 2019/11/29 v1.12 Convert strings between diff. encodings (HO
)
)
\@linkdim=\dimen262
\Hy@linkcounter=\count316
\Hy@pagecounter=\count317

(D:\Apps\MikTeX\tex/latex/hyperref\pd1enc.def
File: pd1enc.def 2025-07-12 v7.01o Hyperref: PDFDocEncoding definition (HO)
Now handling font encoding PD1 ...
... no UTF-8 mapping file for font encoding PD1
)
(D:\Apps\MikTeX\tex/generic/intcalc\intcalc.sty
Package: intcalc 2019/12/15 v1.3 Expandable calculations with integers (HO)
)
\Hy@SavedSpaceFactor=\count318

(D:\Apps\MikTeX\tex/latex/hyperref\puenc.def
File: puenc.def 2025-07-12 v7.01o Hyperref: PDF Unicode definition (HO)
Now handling font encoding PU ...
... no UTF-8 mapping file for font encoding PU
)
Package hyperref Info: Hyper figures OFF on input line 4195.
Package hyperref Info: Link nesting OFF on input line 4200.
Package hyperref Info: Hyper index ON on input line 4203.
Package hyperref Info: Plain pages OFF on input line 4210.
Package hyperref Info: Backreferencing OFF on input line 4215.
Package hyperref Info: Implicit mode ON; LaTeX internals redefined.
Package hyperref Info: Bookmarks ON on input line 4462.
\c@Hy@tempcnt=\count319
LaTeX Info: Redefining \url on input line 4801.
\XeTeXLinkMargin=\dimen263

(D:\Apps\MikTeX\tex/generic/bitset\bitset.sty
Package: bitset 2019/12/09 v1.3 Handle bit-vector datatype (HO)

(D:\Apps\MikTeX\tex/generic/bigintcalc\bigintcalc.sty
Package: bigintcalc 2019/12/15 v1.5 Expandable calculations on big integers (HO
)
))
\Fld@menulength=\count320
\Field@Width=\dimen264
\Fld@charsize=\dimen265
Package hyperref Info: Hyper figures OFF on input line 6078.
Package hyperref Info: Link nesting OFF on input line 6083.
Package hyperref Info: Hyper index ON on input line 6086.
Package hyperref Info: backreferencing OFF on input line 6093.
Package hyperref Info: Link coloring OFF on input line 6098.
Package hyperref Info: Link coloring with OCG OFF on input line 6103.
Package hyperref Info: PDF/A mode OFF on input line 6108.
\Hy@abspage=\count321
\c@Item=\count322
\c@Hfootnote=\count323
)
Package hyperref Info: Driver (autodetected): hpdftex.

(D:\Apps\MikTeX\tex/latex/hyperref\hpdftex.def
File: hpdftex.def 2025-07-12 v7.01o Hyperref driver for pdfTeX
\Fld@listcount=\count324
\c@bookmark@seq@number=\count325

(D:\Apps\MikTeX\tex/latex/rerunfilecheck\rerunfilecheck.sty
Package: rerunfilecheck 2025-06-21 v1.11 Rerun checks for auxiliary files (HO)

(D:\Apps\MikTeX\tex/generic/uniquecounter\uniquecounter.sty
Package: uniquecounter 2019/12/15 v1.4 Provide unlimited unique counter (HO)
)
Package uniquecounter Info: New unique counter `rerunfilecheck' on input line 2
84.
)
\Hy@SectionHShift=\skip64
)
(D:\Apps\MikTeX\tex/latex/cleveref\cleveref.sty
Package: cleveref 2018/03/27 v0.21.4 Intelligent cross-referencing
Package cleveref Info: `hyperref' support loaded on input line 2370.
LaTeX Info: Redefining \cref on input line 2370.
LaTeX Info: Redefining \Cref on input line 2370.
LaTeX Info: Redefining \crefrange on input line 2370.
LaTeX Info: Redefining \Crefrange on input line 2370.
LaTeX Info: Redefining \cpageref on input line 2370.
LaTeX Info: Redefining \Cpageref on input line 2370.
LaTeX Info: Redefining \cpagerefrange on input line 2370.
LaTeX Info: Redefining \Cpagerefrange on input line 2370.
LaTeX Info: Redefining \labelcref on input line 2370.
LaTeX Info: Redefining \labelcpageref on input line 2370.
Package cleveref Info: include cross-reference names in hyperlinks on input lin
e 7836.
Package cleveref Info: include cross-reference names in hyperlinks on input lin
e 7852.
Package cleveref Info: no abbreviation of names on input line 7852.
)
==> First Aid for cleveref.sty applied!
(D:\Apps\MikTeX\tex/latex/preprint\balance.sty
Package: balance 1999/02/23 4.3 (PWD)
\oldvsize=\dimen266
)
LaTeX Font Info:    Trying to load font information for T1+lmr on input line 96
.

(D:\Apps\MikTeX\tex/latex/lm\t1lmr.fd
File: t1lmr.fd 2015/05/01 v1.6.1 Font defs for Latin Modern
)
(D:\Apps\MikTeX\tex/latex/l3backend\l3backend-pdftex.def
File: l3backend-pdftex.def 2025-10-09 L3 backend support: PDF output (pdfTeX)
\l__color_backend_stack_int=\count326
)
(fully_spiking_cortical_column.aux)
\openout1 = `fully_spiking_cortical_column.aux'.

LaTeX Font Info:    Checking defaults for OML/cmm/m/it on input line 96.
LaTeX Font Info:    ... okay on input line 96.
LaTeX Font Info:    Checking defaults for OMS/cmsy/m/n on input line 96.
LaTeX Font Info:    ... okay on input line 96.
LaTeX Font Info:    Checking defaults for OT1/cmr/m/n on input line 96.
LaTeX Font Info:    ... okay on input line 96.
LaTeX Font Info:    Checking defaults for T1/cmr/m/n on input line 96.
LaTeX Font Info:    ... okay on input line 96.
LaTeX Font Info:    Checking defaults for TS1/cmr/m/n on input line 96.
LaTeX Font Info:    ... okay on input line 96.
LaTeX Font Info:    Checking defaults for OMX/cmex/m/n on input line 96.
LaTeX Font Info:    ... okay on input line 96.
LaTeX Font Info:    Checking defaults for U/cmr/m/n on input line 96.
LaTeX Font Info:    ... okay on input line 96.
LaTeX Font Info:    Checking defaults for PD1/pdf/m/n on input line 96.
LaTeX Font Info:    ... okay on input line 96.
LaTeX Font Info:    Checking defaults for PU/pdf/m/n on input line 96.
LaTeX Font Info:    ... okay on input line 96.

*geometry* driver: auto-detecting
*geometry* detected driver: pdftex
*geometry* verbose mode - [ preamble ] result:
* driver: pdftex
* paper: a4paper
* layout: <same size as paper>
* layoutoffset:(h,v)=(0.0pt,0.0pt)
* modes: 
* h-part:(L,W,R)=(46.94687pt, 503.61414pt, 46.94687pt)
* v-part:(T,H,B)=(46.94687pt, 751.1531pt, 46.94687pt)
* \paperwidth=597.50787pt
* \paperheight=845.04684pt
* \textwidth=503.61414pt
* \textheight=751.1531pt
* \oddsidemargin=-25.32312pt
* \evensidemargin=-25.32312pt
* \topmargin=-62.32312pt
* \headheight=12.0pt
* \headsep=25.0pt
* \topskip=10.0pt
* \footskip=30.0pt
* \marginparwidth=4.0pt
* \marginparsep=10.0pt
* \columnsep=20.48601pt
* \skip\footins=9.0pt plus 4.0pt minus 2.0pt
* \hoffset=0.0pt
* \voffset=0.0pt
* \mag=1000
* \@twocolumntrue
* \@twosidefalse
* \@mparswitchfalse
* \@reversemarginfalse
* (1in=72.27pt=25.4mm, 1cm=28.453pt)

(D:\Apps\MikTeX\tex/context/base/mkii\supp-pdf.mkii
[Loading MPS to PDF converter (version 2006.09.02).]
\scratchcounter=\count327
\scratchdimen=\dimen267
\scratchbox=\box60
\nofMPsegments=\count328
\nofMParguments=\count329
\everyMPshowfont=\toks32
\MPscratchCnt=\count330
\MPscratchDim=\dimen268
\MPnumerator=\count331
\makeMPintoPDFobject=\count332
\everyMPtoPDFconversion=\toks33
) (D:\Apps\MikTeX\tex/latex/epstopdf-pkg\epstopdf-base.sty
Package: epstopdf-base 2020-01-24 v2.11 Base part for package epstopdf
Package epstopdf-base Info: Redefining graphics rule for `.eps' on input line 4
85.

(D:\Apps\MikTeX\tex/latex/00miktex\epstopdf-sys.cfg
File: epstopdf-sys.cfg 2021/03/18 v2.0 Configuration of epstopdf for MiKTeX
))
Package caption Info: Begin \AtBeginDocument code.
Package caption Info: hyperref package is loaded.
Package caption Info: End \AtBeginDocument code.
LaTeX Info: Redefining \microtypecontext on input line 96.
Package microtype Info: Applying patch `item' on input line 96.
Package microtype Info: Applying patch `toc' on input line 96.
Package microtype Info: Applying patch `eqnum' on input line 96.
Package microtype Info: Applying patch `footnote' on input line 96.
Package microtype Info: Applying patch `verbatim' on input line 96.
LaTeX Info: Redefining \microtypesetup on input line 96.
Package microtype Info: Generating PDF output.
Package microtype Info: Character protrusion enabled (level 2).
Package microtype Info: Using default protrusion set `alltext'.
Package microtype Info: No font expansion.
Package microtype Info: No adjustment of tracking.
Package microtype Info: No adjustment of interword spacing.
Package microtype Info: No adjustment of character kerning.

(D:\Apps\MikTeX\tex/latex/microtype\mt-cmr.cfg
File: mt-cmr.cfg 2013/05/19 v2.2 microtype config. file: Computer Modern Roman 
(RS)
)
Package hyperref Info: Link coloring OFF on input line 96.

(fully_spiking_cortical_column.out) (fully_spiking_cortical_column.out)
\@outlinefile=\write3
\openout3 = `fully_spiking_cortical_column.out'.

LaTeX Font Info:    Trying to load font information for T1+lmss on input line 1
59.

(D:\Apps\MikTeX\tex/latex/lm\t1lmss.fd
File: t1lmss.fd 2015/05/01 v1.6.1 Font defs for Latin Modern
)
Package microtype Info: Loading generic protrusion settings for font family
(microtype)             `lmss' (encoding: T1).
(microtype)             For optimal results, create family-specific settings.
(microtype)             See the microtype manual for details.
LaTeX Font Info:    Trying to load font information for OT1+lmr on input line 1
59.
 (D:\Apps\MikTeX\tex/latex/lm\ot1lmr.fd
File: ot1lmr.fd 2015/05/01 v1.6.1 Font defs for Latin Modern
)
LaTeX Font Info:    Trying to load font information for OML+lmm on input line 1
59.
(D:\Apps\MikTeX\tex/latex/lm\omllmm.fd
File: omllmm.fd 2015/05/01 v1.6.1 Font defs for Latin Modern
)
LaTeX Font Info:    Trying to load font information for OMS+lmsy on input line 
159.
 (D:\Apps\MikTeX\tex/latex/lm\omslmsy.fd
File: omslmsy.fd 2015/05/01 v1.6.1 Font defs for Latin Modern
)
LaTeX Font Info:    Trying to load font information for OMX+lmex on input line 
159.
 (D:\Apps\MikTeX\tex/latex/lm\omxlmex.fd
File: omxlmex.fd 2015/05/01 v1.6.1 Font defs for Latin Modern
)
LaTeX Font Info:    External font `lmex10' loaded for size
(Font)              <12> on input line 159.
LaTeX Font Info:    External font `lmex10' loaded for size
(Font)              <8> on input line 159.
LaTeX Font Info:    External font `lmex10' loaded for size
(Font)              <6> on input line 159.
LaTeX Font Info:    Trying to load font information for U+msa on input line 159
.

(D:\Apps\MikTeX\tex/latex/amsfonts\umsa.fd
File: umsa.fd 2013/01/14 v3.01 AMS symbols A
)
(D:\Apps\MikTeX\tex/latex/microtype\mt-msa.cfg
File: mt-msa.cfg 2006/02/04 v1.1 microtype config. file: AMS symbols (a) (RS)
)
LaTeX Font Info:    Trying to load font information for U+msb on input line 159
.

(D:\Apps\MikTeX\tex/latex/amsfonts\umsb.fd
File: umsb.fd 2013/01/14 v3.01 AMS symbols B
)
(D:\Apps\MikTeX\tex/latex/microtype\mt-msb.cfg
File: mt-msb.cfg 2005/06/01 v1.0 microtype config. file: AMS symbols (b) (RS)
)
LaTeX Font Info:    External font `lmex10' loaded for size
(Font)              <9> on input line 159.
LaTeX Font Info:    External font `lmex10' loaded for size
(Font)              <5> on input line 159.
LaTeX Font Info:    External font `lmex10' loaded for size
(Font)              <10> on input line 159.
LaTeX Font Info:    External font `lmex10' loaded for size
(Font)              <7> on input line 159.

Underfull \vbox (badness 10000) has occurred while \output is active []


Underfull \hbox (badness 2343) in paragraph at lines 195--205
\T1/lmr/m/n/10 column model can jointly learn and use feature-
 []


Underfull \vbox (badness 10000) has occurred while \output is active []

 [1{C:/Users/Arash/AppData/Local/MiKTeX/fonts/map/pdftex/pdftex.map}{D:/Apps/Mi
kTeX/fonts/enc/dvips/lm/lm-ec.enc}{D:/Apps/MikTeX/fonts/enc/dvips/lm/lm-mathsy.
enc}


]
<Fig1_Architecture.pdf, id=149, 843.15pt x 549.97469pt>
File: Fig1_Architecture.pdf Graphic file (type pdf)
<use Fig1_Architecture.pdf>
Package pdftex.def Info: Fig1_Architecture.pdf  used on input line 230.
(pdftex.def)             Requested size: 493.53969pt x 269.05136pt.

Underfull \vbox (badness 10000) has occurred while \output is active []


Underfull \hbox (badness 10000) in alignment at lines 282--282
[][][][][][] 
 []

<../outputs/manuscript_fully_spiking/figures/07_performance_and_controls.pdf, i
d=153, 922.68634pt x 544.16618pt>
File: ../outputs/manuscript_fully_spiking/figures/07_performance_and_controls.p
df Graphic file (type pdf)
<use ../outputs/manuscript_fully_spiking/figures/07_performance_and_controls.pd
f>
Package pdftex.def Info: ../outputs/manuscript_fully_spiking/figures/07_perform
ance_and_controls.pdf  used on input line 287.
(pdftex.def)             Requested size: 493.53969pt x 291.07207pt.

Underfull \vbox (badness 10000) has occurred while \output is active []


Overfull \vbox (345.05136pt too high) has occurred while \output is active []


[2{D:/Apps/MikTeX/fonts/enc/dvips/lm/lm-rm.enc}{D:/Apps/MikTeX/fonts/enc/dvips/
lm/lm-mathit.enc} <./Fig1_Architecture.pdf>]
<../outputs/manuscript_fully_spiking/multiseed_ablation/figures/13_multiseed_ab
lation_readouts.pdf, id=222, 753.06032pt x 584.73816pt>
File: ../outputs/manuscript_fully_spiking/multiseed_ablation/figures/13_multise
ed_ablation_readouts.pdf Graphic file (type pdf)
<use ../outputs/manuscript_fully_spiking/multiseed_ablation/figures/13_multisee
d_ablation_readouts.pdf>
Package pdftex.def Info: ../outputs/manuscript_fully_spiking/multiseed_ablation
/figures/13_multiseed_ablation_readouts.pdf  used on input line 312.
(pdftex.def)             Requested size: 382.74397pt x 297.20428pt.
<../outputs/manuscript_fully_spiking/figures/03_ambiguity_resolution.pdf, id=22
4, 1008.0723pt x 537.24928pt>
File: ../outputs/manuscript_fully_spiking/figures/03_ambiguity_resolution.pdf G
raphic file (type pdf)
<use ../outputs/manuscript_fully_spiking/figures/03_ambiguity_resolution.pdf>
Package pdftex.def Info: ../outputs/manuscript_fully_spiking/figures/03_ambigui
ty_resolution.pdf  used on input line 337.
(pdftex.def)             Requested size: 443.18289pt x 236.19366pt.
<../outputs/manuscript_fully_spiking/figures/04_bidirectional_binding.pdf, id=2
25, 1029.8355pt x 551.00159pt>
File: ../outputs/manuscript_fully_spiking/figures/04_bidirectional_binding.pdf 
Graphic file (type pdf)
<use ../outputs/manuscript_fully_spiking/figures/04_bidirectional_binding.pdf>
Package pdftex.def Info: ../outputs/manuscript_fully_spiking/figures/04_bidirec
tional_binding.pdf  used on input line 364.
(pdftex.def)             Requested size: 493.53969pt x 264.06578pt.
<../outputs/manuscript_fully_spiking/figures/05_cross_image_feature_retrieval.p
df, id=226, 837.12248pt x 541.87796pt>
File: ../outputs/manuscript_fully_spiking/figures/05_cross_image_feature_retrie
val.pdf Graphic file (type pdf)
<use ../outputs/manuscript_fully_spiking/figures/05_cross_image_feature_retriev
al.pdf>
Package pdftex.def Info: ../outputs/manuscript_fully_spiking/figures/05_cross_i
mage_feature_retrieval.pdf  used on input line 376.
(pdftex.def)             Requested size: 453.24963pt x 293.39523pt.
<../outputs/manuscript_fully_spiking/prospective_reference_frame/figures/08_ref
erence_frame_binding_matrices.pdf, id=227, 860.72438pt x 513.34737pt>
File: ../outputs/manuscript_fully_spiking/prospective_reference_frame/figures/0
8_reference_frame_binding_matrices.pdf Graphic file (type pdf)
<use ../outputs/manuscript_fully_spiking/prospective_reference_frame/figures/08
_reference_frame_binding_matrices.pdf>
Package pdftex.def Info: ../outputs/manuscript_fully_spiking/prospective_refere
nce_frame/figures/08_reference_frame_binding_matrices.pdf  used on input line 3
85.
(pdftex.def)             Requested size: 453.24963pt x 270.31819pt.

Underfull \vbox (badness 10000) has occurred while \output is active []

<../outputs/manuscript_fully_spiking/prospective_reference_frame/figures/07_pro
spective_bidirectional_binding.pdf, id=228, 800.87628pt x 866.31406pt>
File: ../outputs/manuscript_fully_spiking/prospective_reference_frame/figures/0
7_prospective_bidirectional_binding.pdf Graphic file (type pdf)
<use ../outputs/manuscript_fully_spiking/prospective_reference_frame/figures/07
_prospective_bidirectional_binding.pdf>
Package pdftex.def Info: ../outputs/manuscript_fully_spiking/prospective_refere
nce_frame/figures/07_prospective_bidirectional_binding.pdf  used on input line 
411.
(pdftex.def)             Requested size: 493.53969pt x 533.88377pt.
 [3 <../outputs/manuscript_fully_spiking/figures/07_performance_and_controls.pd
f>]
[4 <../outputs/manuscript_fully_spiking/multiseed_ablation/figures/13_multiseed
_ablation_readouts.pdf> <../outputs/manuscript_fully_spiking/figures/03_ambigui
ty_resolution.pdf>] [5 <../outputs/manuscript_fully_spiking/figures/04_bidirect
ional_binding.pdf>] [6 <../outputs/manuscript_fully_spiking/figures/05_cross_im
age_feature_retrieval.pdf> <../outputs/manuscript_fully_spiking/prospective_ref
erence_frame/figures/08_reference_frame_binding_matrices.pdf>] [7 <../outputs/m
anuscript_fully_spiking/prospective_reference_frame/figures/07_prospective_bidi
rectional_binding.pdf>]
<../outputs/manuscript_fully_spiking/figures/06_l4_kernel_evolution.pdf, id=686
, 820.4401pt x 470.356pt>
File: ../outputs/manuscript_fully_spiking/figures/06_l4_kernel_evolution.pdf Gr
aphic file (type pdf)
<use ../outputs/manuscript_fully_spiking/figures/06_l4_kernel_evolution.pdf>
Package pdftex.def Info: ../outputs/manuscript_fully_spiking/figures/06_l4_kern
el_evolution.pdf  used on input line 437.
(pdftex.def)             Requested size: 493.53969pt x 282.94064pt.

Underfull \vbox (badness 10000) has occurred while \output is active []

<../outputs/manuscript_fully_spiking/caltech_faces_localization_no_replay/figur
es/08_caltech_faces_search_protocol.pdf, id=688, 964.36348pt x 595.7157pt>
File: ../outputs/manuscript_fully_spiking/caltech_faces_localization_no_replay/
figures/08_caltech_faces_search_protocol.pdf Graphic file (type pdf)
<use ../outputs/manuscript_fully_spiking/caltech_faces_localization_no_replay/f
igures/08_caltech_faces_search_protocol.pdf>
Package pdftex.def Info: ../outputs/manuscript_fully_spiking/caltech_faces_loca
lization_no_replay/figures/08_caltech_faces_search_protocol.pdf  used on input 
line 484.
(pdftex.def)             Requested size: 493.53969pt x 304.8745pt.
<../outputs/manuscript_fully_spiking/caltech_faces_localization_no_replay/figur
es/09_caltech_faces_localization_examples.pdf, id=689, 1022.25916pt x 513.54861
pt>
File: ../outputs/manuscript_fully_spiking/caltech_faces_localization_no_replay/
figures/09_caltech_faces_localization_examples.pdf Graphic file (type pdf)
<use ../outputs/manuscript_fully_spiking/caltech_faces_localization_no_replay/f
igures/09_caltech_faces_localization_examples.pdf>
Package pdftex.def Info: ../outputs/manuscript_fully_spiking/caltech_faces_loca
lization_no_replay/figures/09_caltech_faces_localization_examples.pdf  used on 
input line 495.
(pdftex.def)             Requested size: 493.53969pt x 247.93454pt.
<../outputs/manuscript_fully_spiking/caltech_faces_localization_no_replay/figur
es/10_caltech_faces_localization_metrics.pdf, id=690, 907.05544pt x 667.62436pt
>
File: ../outputs/manuscript_fully_spiking/caltech_faces_localization_no_replay/
figures/10_caltech_faces_localization_metrics.pdf Graphic file (type pdf)
<use ../outputs/manuscript_fully_spiking/caltech_faces_localization_no_replay/f
igures/10_caltech_faces_localization_metrics.pdf>
Package pdftex.def Info: ../outputs/manuscript_fully_spiking/caltech_faces_loca
lization_no_replay/figures/10_caltech_faces_localization_metrics.pdf  used on i
nput line 505.
(pdftex.def)             Requested size: 493.53969pt x 363.2623pt.
<../outputs/manuscript_fully_spiking/caltech_faces_detection/figures/11_caltech
_faces_detection.pdf, id=691, 753.06938pt x 598.96202pt>
File: ../outputs/manuscript_fully_spiking/caltech_faces_detection/figures/11_ca
ltech_faces_detection.pdf Graphic file (type pdf)
<use ../outputs/manuscript_fully_spiking/caltech_faces_detection/figures/11_cal
tech_faces_detection.pdf>
Package pdftex.def Info: ../outputs/manuscript_fully_spiking/caltech_faces_dete
ction/figures/11_caltech_faces_detection.pdf  used on input line 516.
(pdftex.def)             Requested size: 493.53969pt x 392.53777pt.
<../outputs/manuscript_fully_spiking/caltech_faces_detection/figures/12_caltech
_faces_detection_examples.pdf, id=692, 916.99841pt x 252.58365pt>
File: ../outputs/manuscript_fully_spiking/caltech_faces_detection/figures/12_ca
ltech_faces_detection_examples.pdf Graphic file (type pdf)
<use ../outputs/manuscript_fully_spiking/caltech_faces_detection/figures/12_cal
tech_faces_detection_examples.pdf>
Package pdftex.def Info: ../outputs/manuscript_fully_spiking/caltech_faces_dete
ction/figures/12_caltech_faces_detection_examples.pdf  used on input line 526.
(pdftex.def)             Requested size: 493.53969pt x 135.94604pt.

Underfull \vbox (badness 10000) has occurred while \output is active []


Overfull \vbox (325.94064pt too high) has occurred while \output is active []


[8

 <../outputs/manuscript_fully_spiking/figures/06_l4_kernel_evolution.pdf>]
Underfull \vbox (badness 10000) has occurred while \output is active []


Underfull \vbox (badness 10000) has occurred while \output is active []

 [9 <../outputs/manuscript_fully_spiking/caltech_faces_localization_no_replay/f
igures/08_caltech_faces_search_protocol.pdf> <../outputs/manuscript_fully_spiki
ng/caltech_faces_localization_no_replay/figures/09_caltech_faces_localization_e
xamples.pdf>]
Underfull \hbox (badness 1038) in paragraph at lines 576--593
[]\T1/lmr/m/n/10 Several lim-i-ta-tions re-main. The L5/6 ref-er-ence
 []


Underfull \vbox (badness 10000) has occurred while \output is active []


Underfull \hbox (badness 1286) in paragraph at lines 600--604
\T1/lmr/m/n/9 The state-ful L4, L5/6, and de-ci-sion pop-u-la-tions used
 []


Underfull \vbox (badness 10000) has occurred while \output is active []

 [10 <../outputs/manuscript_fully_spiking/caltech_faces_localization_no_replay/
figures/10_caltech_faces_localization_metrics.pdf>]
LaTeX Font Info:    Trying to load font information for T1+lmtt on input line 6
33.
 (D:\Apps\MikTeX\tex/latex/lm\t1lmtt.fd
File: t1lmtt.fd 2015/05/01 v1.6.1 Font defs for Latin Modern
)
Package microtype Info: Loading generic protrusion settings for font family
(microtype)             `lmtt' (encoding: T1).
(microtype)             For optimal results, create family-specific settings.
(microtype)             See the microtype manual for details.

Underfull \hbox (badness 1194) in paragraph at lines 631--641
\T1/lmr/m/n/9 The net-work was im-ple-mented with CoNeX 0.1.5 and
 []


Underfull \vbox (badness 10000) has occurred while \output is active []

 [11{D:/Apps/MikTeX/fonts/enc/dvips/lm/lm-mathex.enc} <../outputs/manuscript_fu
lly_spiking/caltech_faces_detection/figures/11_caltech_faces_detection.pdf> <..
/outputs/manuscript_fully_spiking/caltech_faces_detection/figures/12_caltech_fa
ces_detection_examples.pdf>] [12]
Underfull \vbox (badness 10000) has occurred while \output is active []

 [13]
Underfull \hbox (badness 2644) in paragraph at lines 1013--1020
\T1/lmr/m/n/9 saved check-points, cached cor-ti-cal spike-event ten-sors,
 []


Underfull \hbox (badness 1308) in paragraph at lines 1013--1020
\T1/lmr/m/n/9 figure-generation code, and machine-readable JSON re-
 []


Underfull \hbox (badness 7595) in paragraph at lines 1013--1020
\T1/lmtt/m/n/9 all _ acquisition _ fixation _ gated$ \T1/lmr/m/n/9 and $\T1/lmt
t/m/n/9 outputs / joint _
 []

(fully_spiking_cortical_column.bbl
Underfull \vbox (badness 10000) has occurred while \output is active []


Underfull \hbox (badness 1028) in paragraph at lines 135--139
\T1/lmr/m/n/7 put-ing.  \T1/lmr/m/it/7 Na-ture\T1/lmr/m/n/7 , 575(7784):607--61
7, 2019.  doi: $10 . 1038 /
 []

)
Overfull \vbox (212.6387pt too high) has occurred while \output is active []


[14] (fully_spiking_cortical_column.aux)
 ***********
LaTeX2e <2025-11-01>
L3 programming layer <2025-11-06>
 ***********
Package rerunfilecheck Info: File `fully_spiking_cortical_column.out' has not c
hanged.
(rerunfilecheck)             Checksum: 61091B419C0D37AEF975BF119BCD98DB;6529.
 ) ) 
Here is how much of TeX's memory you used:
 17636 strings out of 467871
 297149 string characters out of 5432805
 815816 words of memory out of 5000000
 46147 multiletter control sequences out of 15000+600000
 728100 words of font info for 102 fonts, out of 8000000 for 9000
 1141 hyphenation exceptions out of 8191
 80i,13n,87p,1064b,617s stack positions out of 10000i,1000n,20000p,200000b,200000s
<D:/Apps/MikTeX/fonts/type1/public/lm/lmbx6.pfb><D:/Apps/MikTeX/fonts/type1
/public/lm/lmbx9.pfb><D:/Apps/MikTeX/fonts/type1/public/lm/lmex10.pfb><D:/Apps/
MikTeX/fonts/type1/public/lm/lmmi10.pfb><D:/Apps/MikTeX/fonts/type1/public/lm/l
mmi5.pfb><D:/Apps/MikTeX/fonts/type1/public/lm/lmmi6.pfb><D:/Apps/MikTeX/fonts/
type1/public/lm/lmmi8.pfb><D:/Apps/MikTeX/fonts/type1/public/lm/lmmi9.pfb><D:/A
pps/MikTeX/fonts/type1/public/lm/lmr10.pfb><D:/Apps/MikTeX/fonts/type1/public/l
m/lmr12.pfb><D:/Apps/MikTeX/fonts/type1/public/lm/lmr5.pfb><D:/Apps/MikTeX/font
s/type1/public/lm/lmr6.pfb><D:/Apps/MikTeX/fonts/type1/public/lm/lmr7.pfb><D:/A
pps/MikTeX/fonts/type1/public/lm/lmr8.pfb><D:/Apps/MikTeX/fonts/type1/public/lm
/lmr9.pfb><D:/Apps/MikTeX/fonts/type1/public/lm/lmri10.pfb><D:/Apps/MikTeX/font
s/type1/public/lm/lmri7.pfb><D:/Apps/MikTeX/fonts/type1/public/lm/lmri9.pfb><D:
/Apps/MikTeX/fonts/type1/public/lm/lmssbx10.pfb><D:/Apps/MikTeX/fonts/type1/pub
lic/lm/lmsy10.pfb><D:/Apps/MikTeX/fonts/type1/public/lm/lmsy6.pfb><D:/Apps/MikT
eX/fonts/type1/public/lm/lmsy7.pfb><D:/Apps/MikTeX/fonts/type1/public/lm/lmsy8.
pfb><D:/Apps/MikTeX/fonts/type1/public/lm/lmsy9.pfb><D:/Apps/MikTeX/fonts/type1
/public/lm/lmtt8.pfb><D:/Apps/MikTeX/fonts/type1/public/lm/lmtt9.pfb><D:/Apps/M
ikTeX/fonts/type1/public/amsfonts/symbols/msbm10.pfb>
Output written on fully_spiking_cortical_column.pdf (14 pages, 7933060 bytes).
PDF statistics:
 1268 PDF objects out of 1440 (max. 8388607)
 109 named destinations out of 1000 (max. 500000)
 16661 words of extra memory for PDF output out of 17280 (max. 10000000)

